// Jest Snapshot v1, https://goo.gl/fbAQLP

exports[`Snapshot 1`] = `
<div
  className="usa-checkbox"
>
  <input
    checked={false}
    className="usa-checkbox__input"
    disabled={false}
    id="banana-true"
    name="banana"
    onChange={[Function]}
    type="checkbox"
    value={true}
  />
  <label
    className="usa-checkbox__label"
    htmlFor="banana-true"
  >
    banana
  </label>
</div>
`;
